============================= test session starts =============================
platform win32 -- Python 3.11.7, pytest-8.4.2, pluggy-1.6.0
benchmark: 5.2.3 (defaults: timer=time.perf_counter disable_gc=False min_rounds=5 min_time=0.000005 max_time=1.0 calibration_precision=10 warmup=False warmup_iterations=100000)
rootdir: D:\AI-F\AI-f\backend
configfile: pytest.ini
plugins: anyio-4.13.0, asyncio-1.3.0, benchmark-5.2.3, cov-7.1.0, mock-3.15.1
asyncio: mode=Mode.AUTO, debug=False, asyncio_default_fixture_loop_scope=None, asyncio_default_test_loop_scope=function
gRPC tests pass
collected 232 items / 14 errors

============================== warnings summary ===============================
C:\Users\mehta\AppData\Local\Programs\Python\Python311\Lib\site-packages\torch\cuda\__init__.py:54
  C:\Users\mehta\AppData\Local\Programs\Python\Python311\Lib\site-packages\torch\cuda\__init__.py:54: FutureWarning: The pynvml package is deprecated. Please install nvidia-ml-py instead. If you did not install pynvml directly, please report this to the maintainers of the package that installed pynvml for you.
    import pynvml  # type: ignore[import]

C:\Users\mehta\AppData\Local\Programs\Python\Python311\Lib\site-packages\pydantic\_internal\_fields.py:149
  C:\Users\mehta\AppData\Local\Programs\Python\Python311\Lib\site-packages\pydantic\_internal\_fields.py:149: UserWarning: Field "model_used" has conflict with protected namespace "model_".
  
  You may be able to resolve this warning by setting `model_config['protected_namespaces'] = ()`.
    warnings.warn(

C:\Users\mehta\AppData\Local\Programs\Python\Python311\Lib\site-packages\pydantic\_internal\_fields.py:149
  C:\Users\mehta\AppData\Local\Programs\Python\Python311\Lib\site-packages\pydantic\_internal\_fields.py:149: UserWarning: Field "model_gradients" has conflict with protected namespace "model_".
  
  You may be able to resolve this warning by setting `model_config['protected_namespaces'] = ()`.
    warnings.warn(

C:\Users\mehta\AppData\Local\Programs\Python\Python311\Lib\site-packages\pydantic\_internal\_fields.py:149
  C:\Users\mehta\AppData\Local\Programs\Python\Python311\Lib\site-packages\pydantic\_internal\_fields.py:149: UserWarning: Field "model_data" has conflict with protected namespace "model_".
  
  You may be able to resolve this warning by setting `model_config['protected_namespaces'] = ()`.
    warnings.warn(

C:\Users\mehta\AppData\Local\Programs\Python\Python311\Lib\site-packages\pydantic\_internal\_fields.py:149
  C:\Users\mehta\AppData\Local\Programs\Python\Python311\Lib\site-packages\pydantic\_internal\_fields.py:149: UserWarning: Field "model_version" has conflict with protected namespace "model_".
  
  You may be able to resolve this warning by setting `model_config['protected_namespaces'] = ()`.
    warnings.warn(

-- Docs: https://docs.pytest.org/en/stable/how-to/capture-warnings.html
=========================== short test summary info ===========================
ERROR tests/integration/test_webhooks_integration.py
ERROR tests/test_benchmark.py - NameError: name 'celery_module' is not defined
ERROR tests/test_billing.py - NameError: name 'celery_module' is not defined
ERROR tests/test_enroll.py - NameError: name 'celery_module' is not defined
ERROR tests/test_federated_learning.py - NameError: name 'celery_module' is not defined
ERROR tests/test_multimodal.py - NameError: name 'celery_module' is not defined
ERROR tests/test_oauth.py - NameError: name 'celery_module' is not defined
ERROR tests/test_payments.py - NameError: name 'celery_module' is not defined
ERROR tests/test_payments_webhook.py - NameError: name 'celery_module' is not defined
ERROR tests/test_recognize.py - NameError: name 'celery_module' is not defined
ERROR tests/test_saas.py - NameError: name 'celery_module' is not defined
ERROR tests/test_tee_security.py
ERROR tests/test_validation_framework.py - NameError: name 'celery_module' is not defined
ERROR tests/test_webhooks.py - NameError: name 'celery_module' is not defined
!!!!!!!!!!!!!!!!!! Interrupted: 14 errors during collection !!!!!!!!!!!!!!!!!!!
======================= 5 warnings, 14 errors in 8.36s ========================
